
[1m[46m RUN [49m[22m [36mv3.2.4 [39m[90mC:/dev/PhotosBackup/mediatransfer/frontend[39m

node.exe : (node:31736) Warning: `--localstorage-file` was provided without a v
alid path
At line:1 char:1
+ & "C:\Program Files\nodejs/node.exe" "C:\Program Files\nodejs/node_mo ...
+ ~~~~~~~~~~~~~~~~~~~~~~~~~~~~~~~~~~~~~~~~~~~~~~~~~~~~~~~~~~~~~~~~~~~~~
    + CategoryInfo          : NotSpecified: ((node:31736) Wa...ut a valid path 
   :String) [], RemoteException
    + FullyQualifiedErrorId : NativeCommandError
 
(Use `node --trace-warnings ...` to show where the warning was created)
 [32mÔ£ô[39m src/app.test.tsx [2m([22m[2m9 tests[22m[2m)[22m[33m 392[2mms[22m[39m

[2m Test Files [22m [1m[32m1 passed[39m[22m[90m (1)[39m
[2m      Tests [22m [1m[32m9 passed[39m[22m[90m (9)[39m
[2m   Start at [22m 20:55:45
[2m   Duration [22m 1.45s[2m (transform 111ms, setup 56ms, collect 226ms, tests 392ms, environment 415ms, prepare 53ms)[22m

